Archive member included to satisfy reference by file (symbol)

c:/st/stm32cubeide_1.1.0/stm32cubeide/plugins/com.st.stm32cube.ide.mcu.externaltools.gnu-tools-for-stm32.7-2018-q2-update.win32_1.0.0.201904181610/tools/bin/../lib/gcc/arm-none-eabi/7.3.1/../../../../arm-none-eabi/lib/thumb/v7-m\libstdc++_nano.a(new_op.o)
                              App/app.o (operator new(unsigned int))
c:/st/stm32cubeide_1.1.0/stm32cubeide/plugins/com.st.stm32cube.ide.mcu.externaltools.gnu-tools-for-stm32.7-2018-q2-update.win32_1.0.0.201904181610/tools/bin/../lib/gcc/arm-none-eabi/7.3.1/../../../../arm-none-eabi/lib/thumb/v7-m\libstdc++_nano.a(new_handler.o)
                              c:/st/stm32cubeide_1.1.0/stm32cubeide/plugins/com.st.stm32cube.ide.mcu.externaltools.gnu-tools-for-stm32.7-2018-q2-update.win32_1.0.0.201904181610/tools/bin/../lib/gcc/arm-none-eabi/7.3.1/../../../../arm-none-eabi/lib/thumb/v7-m\libstdc++_nano.a(new_op.o) (std::get_new_handler())
c:/st/stm32cubeide_1.1.0/stm32cubeide/plugins/com.st.stm32cube.ide.mcu.externaltools.gnu-tools-for-stm32.7-2018-q2-update.win32_1.0.0.201904181610/tools/bin/../lib/gcc/arm-none-eabi/7.3.1/../../../../arm-none-eabi/lib/thumb/v7-m\libc_nano.a(lib_a-abort.o)
                              c:/st/stm32cubeide_1.1.0/stm32cubeide/plugins/com.st.stm32cube.ide.mcu.externaltools.gnu-tools-for-stm32.7-2018-q2-update.win32_1.0.0.201904181610/tools/bin/../lib/gcc/arm-none-eabi/7.3.1/../../../../arm-none-eabi/lib/thumb/v7-m\libstdc++_nano.a(new_op.o) (abort)
c:/st/stm32cubeide_1.1.0/stm32cubeide/plugins/com.st.stm32cube.ide.mcu.externaltools.gnu-tools-for-stm32.7-2018-q2-update.win32_1.0.0.201904181610/tools/bin/../lib/gcc/arm-none-eabi/7.3.1/../../../../arm-none-eabi/lib/thumb/v7-m\libc_nano.a(lib_a-errno.o)
                              Core/Src/syscalls.o (__errno)
c:/st/stm32cubeide_1.1.0/stm32cubeide/plugins/com.st.stm32cube.ide.mcu.externaltools.gnu-tools-for-stm32.7-2018-q2-update.win32_1.0.0.201904181610/tools/bin/../lib/gcc/arm-none-eabi/7.3.1/../../../../arm-none-eabi/lib/thumb/v7-m\libc_nano.a(lib_a-exit.o)
                              c:/st/stm32cubeide_1.1.0/stm32cubeide/plugins/com.st.stm32cube.ide.mcu.externaltools.gnu-tools-for-stm32.7-2018-q2-update.win32_1.0.0.201904181610/tools/bin/../lib/gcc/arm-none-eabi/7.3.1/../../../../arm-none-eabi/lib/thumb/v7-m/crt0.o (exit)
c:/st/stm32cubeide_1.1.0/stm32cubeide/plugins/com.st.stm32cube.ide.mcu.externaltools.gnu-tools-for-stm32.7-2018-q2-update.win32_1.0.0.201904181610/tools/bin/../lib/gcc/arm-none-eabi/7.3.1/../../../../arm-none-eabi/lib/thumb/v7-m\libc_nano.a(lib_a-impure.o)
                              c:/st/stm32cubeide_1.1.0/stm32cubeide/plugins/com.st.stm32cube.ide.mcu.externaltools.gnu-tools-for-stm32.7-2018-q2-update.win32_1.0.0.201904181610/tools/bin/../lib/gcc/arm-none-eabi/7.3.1/../../../../arm-none-eabi/lib/thumb/v7-m\libc_nano.a(lib_a-exit.o) (_global_impure_ptr)
c:/st/stm32cubeide_1.1.0/stm32cubeide/plugins/com.st.stm32cube.ide.mcu.externaltools.gnu-tools-for-stm32.7-2018-q2-update.win32_1.0.0.201904181610/tools/bin/../lib/gcc/arm-none-eabi/7.3.1/../../../../arm-none-eabi/lib/thumb/v7-m\libc_nano.a(lib_a-init.o)
                              c:/st/stm32cubeide_1.1.0/stm32cubeide/plugins/com.st.stm32cube.ide.mcu.externaltools.gnu-tools-for-stm32.7-2018-q2-update.win32_1.0.0.201904181610/tools/bin/../lib/gcc/arm-none-eabi/7.3.1/../../../../arm-none-eabi/lib/thumb/v7-m/crt0.o (__libc_init_array)
c:/st/stm32cubeide_1.1.0/stm32cubeide/plugins/com.st.stm32cube.ide.mcu.externaltools.gnu-tools-for-stm32.7-2018-q2-update.win32_1.0.0.201904181610/tools/bin/../lib/gcc/arm-none-eabi/7.3.1/../../../../arm-none-eabi/lib/thumb/v7-m\libc_nano.a(lib_a-malloc.o)
                              c:/st/stm32cubeide_1.1.0/stm32cubeide/plugins/com.st.stm32cube.ide.mcu.externaltools.gnu-tools-for-stm32.7-2018-q2-update.win32_1.0.0.201904181610/tools/bin/../lib/gcc/arm-none-eabi/7.3.1/../../../../arm-none-eabi/lib/thumb/v7-m\libstdc++_nano.a(new_op.o) (malloc)
c:/st/stm32cubeide_1.1.0/stm32cubeide/plugins/com.st.stm32cube.ide.mcu.externaltools.gnu-tools-for-stm32.7-2018-q2-update.win32_1.0.0.201904181610/tools/bin/../lib/gcc/arm-none-eabi/7.3.1/../../../../arm-none-eabi/lib/thumb/v7-m\libc_nano.a(lib_a-memset.o)
                              c:/st/stm32cubeide_1.1.0/stm32cubeide/plugins/com.st.stm32cube.ide.mcu.externaltools.gnu-tools-for-stm32.7-2018-q2-update.win32_1.0.0.201904181610/tools/bin/../lib/gcc/arm-none-eabi/7.3.1/../../../../arm-none-eabi/lib/thumb/v7-m/crt0.o (memset)
c:/st/stm32cubeide_1.1.0/stm32cubeide/plugins/com.st.stm32cube.ide.mcu.externaltools.gnu-tools-for-stm32.7-2018-q2-update.win32_1.0.0.201904181610/tools/bin/../lib/gcc/arm-none-eabi/7.3.1/../../../../arm-none-eabi/lib/thumb/v7-m\libc_nano.a(lib_a-nano-freer.o)
[...]
Memory Configuration

Name             Origin             Length             Attributes
RAM              0x0000000020000000 0x000000000000c000 xrw
FLASH            0x0000000008000000 0x0000000000040000 xr
*default*        0x0000000000000000 0xffffffffffffffff

Linker script and memory map

LOAD c:/st/stm32cubeide_1.1.0/stm32cubeide/plugins/com.st.stm32cube.ide.mcu.externaltools.gnu-tools-for-stm32.7-2018-q2-update.win32_1.0.0.201904181610/tools/bin/../lib/gcc/arm-none-eabi/7.3.1/thumb/v7-m/crti.o
LOAD c:/st/stm32cubeide_1.1.0/stm32cubeide/plugins/com.st.stm32cube.ide.mcu.externaltools.gnu-tools-for-stm32.7-2018-q2-update.win32_1.0.0.201904181610/tools/bin/../lib/gcc/arm-none-eabi/7.3.1/thumb/v7-m/crtbegin.o
LOAD c:/st/stm32cubeide_1.1.0/stm32cubeide/plugins/com.st.stm32cube.ide.mcu.externaltools.gnu-tools-for-stm32.7-2018-q2-update.win32_1.0.0.201904181610/tools/bin/../lib/gcc/arm-none-eabi/7.3.1/../../../../arm-none-eabi/lib/thumb/v7-m/crt0.o
LOAD App/app.o
LOAD App/uart_fixed_len_recv.o
LOAD App/uart_flex_len_recv.o
LOAD Core/Src/dma.o
LOAD Core/Src/gpio.o
LOAD Core/Src/main.o
LOAD Core/Src/stm32f1xx_hal_msp.o
LOAD Core/Src/stm32f1xx_it.o
LOAD Core/Src/syscalls.o
LOAD Core/Src/sysmem.o
LOAD Core/Src/system_stm32f1xx.o
LOAD Core/Src/usart.o
LOAD Core/Startup/startup_stm32f103rctx.o
LOAD Drivers/STM32F1xx_HAL_Driver/Src/stm32f1xx_hal.o
LOAD Drivers/STM32F1xx_HAL_Driver/Src/stm32f1xx_hal_cortex.o
LOAD Drivers/STM32F1xx_HAL_Driver/Src/stm32f1xx_hal_dma.o
LOAD Drivers/STM32F1xx_HAL_Driver/Src/stm32f1xx_hal_exti.o
LOAD Drivers/STM32F1xx_HAL_Driver/Src/stm32f1xx_hal_flash.o
LOAD Drivers/STM32F1xx_HAL_Driver/Src/stm32f1xx_hal_flash_ex.o
LOAD Drivers/STM32F1xx_HAL_Driver/Src/stm32f1xx_hal_gpio.o
LOAD Drivers/STM32F1xx_HAL_Driver/Src/stm32f1xx_hal_gpio_ex.o
LOAD Drivers/STM32F1xx_HAL_Driver/Src/stm32f1xx_hal_pwr.o
LOAD Drivers/STM32F1xx_HAL_Driver/Src/stm32f1xx_hal_rcc.o
LOAD Drivers/STM32F1xx_HAL_Driver/Src/stm32f1xx_hal_rcc_ex.o
LOAD Drivers/STM32F1xx_HAL_Driver/Src/stm32f1xx_hal_tim.o
LOAD Drivers/STM32F1xx_HAL_Driver/Src/stm32f1xx_hal_tim_ex.o
LOAD Drivers/STM32F1xx_HAL_Driver/Src/stm32f1xx_hal_uart.o
START GROUP
LOAD c:/st/stm32cubeide_1.1.0/stm32cubeide/plugins/com.st.stm32cube.ide.mcu.externaltools.gnu-tools-for-stm32.7-2018-q2-update.win32_1.0.0.201904181610/tools/bin/../lib/gcc/arm-none-eabi/7.3.1/../../../../arm-none-eabi/lib/thumb/v7-m\libstdc++_nano.a
LOAD c:/st/stm32cubeide_1.1.0/stm32cubeide/plugins/com.st.stm32cube.ide.mcu.externaltools.gnu-tools-for-stm32.7-2018-q2-update.win32_1.0.0.201904181610/tools/bin/../lib/gcc/arm-none-eabi/7.3.1/../../../../arm-none-eabi/lib/thumb/v7-m\libsupc++_nano.a
END GROUP
LOAD c:/st/stm32cubeide_1.1.0/stm32cubeide/plugins/com.st.stm32cube.ide.mcu.externaltools.gnu-tools-for-stm32.7-2018-q2-update.win32_1.0.0.201904181610/tools/bin/../lib/gcc/arm-none-eabi/7.3.1/../../../../arm-none-eabi/lib/thumb/v7-m\libstdc++_nano.a
LOAD c:/st/stm32cubeide_1.1.0/stm32cubeide/plugins/com.st.stm32cube.ide.mcu.externaltools.gnu-tools-for-stm32.7-2018-q2-update.win32_1.0.0.201904181610/tools/bin/../lib/gcc/arm-none-eabi/7.3.1/../../../../arm-none-eabi/lib/thumb/v7-m\libm.a
LOAD c:/st/stm32cubeide_1.1.0/stm32cubeide/plugins/com.st.stm32cube.ide.mcu.externaltools.gnu-tools-for-stm32.7-2018-q2-update.win32_1.0.0.201904181610/tools/bin/../lib/gcc/arm-none-eabi/7.3.1/../../../../arm-none-eabi/lib/thumb/v7-m\libc_nano.a
START GROUP
LOAD c:/st/stm32cubeide_1.1.0/stm32cubeide/plugins/com.st.stm32cube.ide.mcu.externaltools.gnu-tools-for-stm32.7-2018-q2-update.win32_1.0.0.201904181610/tools/bin/../lib/gcc/arm-none-eabi/7.3.1/thumb/v7-m\libgcc.a
LOAD c:/st/stm32cubeide_1.1.0/stm32cubeide/plugins/com.st.stm32cube.ide.mcu.externaltools.gnu-tools-for-stm32.7-2018-q2-update.win32_1.0.0.201904181610/tools/bin/../lib/gcc/arm-none-eabi/7.3.1/../../../../arm-none-eabi/lib/thumb/v7-m\libc_nano.a
END GROUP
START GROUP
LOAD c:/st/stm32cubeide_1.1.0/stm32cubeide/plugins/com.st.stm32cube.ide.mcu.externaltools.gnu-tools-for-stm32.7-2018-q2-update.win32_1.0.0.201904181610/tools/bin/../lib/gcc/arm-none-eabi/7.3.1/thumb/v7-m\libgcc.a
LOAD c:/st/stm32cubeide_1.1.0/stm32cubeide/plugins/com.st.stm32cube.ide.mcu.externaltools.gnu-tools-for-stm32.7-2018-q2-update.win32_1.0.0.201904181610/tools/bin/../lib/gcc/arm-none-eabi/7.3.1/../../../../arm-none-eabi/lib/thumb/v7-m\libc_nano.a
LOAD c:/st/stm32cubeide_1.1.0/stm32cubeide/plugins/com.st.stm32cube.ide.mcu.externaltools.gnu-tools-for-stm32.7-2018-q2-update.win32_1.0.0.201904181610/tools/bin/../lib/gcc/arm-none-eabi/7.3.1/../../../../arm-none-eabi/lib/thumb/v7-m\libnosys.a
END GROUP
START GROUP
LOAD c:/st/stm32cubeide_1.1.0/stm32cubeide/plugins/com.st.stm32cube.ide.mcu.externaltools.gnu-tools-for-stm32.7-2018-q2-update.win32_1.0.0.201904181610/tools/bin/../lib/gcc/arm-none-eabi/7.3.1/thumb/v7-m\libgcc.a
LOAD c:/st/stm32cubeide_1.1.0/stm32cubeide/plugins/com.st.stm32cube.ide.mcu.externaltools.gnu-tools-for-stm32.7-2018-q2-update.win32_1.0.0.201904181610/tools/bin/../lib/gcc/arm-none-eabi/7.3.1/../../../../arm-none-eabi/lib/thumb/v7-m\libc_nano.a
LOAD c:/st/stm32cubeide_1.1.0/stm32cubeide/plugins/com.st.stm32cube.ide.mcu.externaltools.gnu-tools-for-stm32.7-2018-q2-update.win32_1.0.0.201904181610/tools/bin/../lib/gcc/arm-none-eabi/7.3.1/../../../../arm-none-eabi/lib/thumb/v7-m\libnosys.a
END GROUP
LOAD c:/st/stm32cubeide_1.1.0/stm32cubeide/plugins/com.st.stm32cube.ide.mcu.externaltools.gnu-tools-for-stm32.7-2018-q2-update.win32_1.0.0.201904181610/tools/bin/../lib/gcc/arm-none-eabi/7.3.1/thumb/v7-m/crtend.o
LOAD c:/st/stm32cubeide_1.1.0/stm32cubeide/plugins/com.st.stm32cube.ide.mcu.externaltools.gnu-tools-for-stm32.7-2018-q2-update.win32_1.0.0.201904181610/tools/bin/../lib/gcc/arm-none-eabi/7.3.1/thumb/v7-m/crtn.o
                0x000000002000c000                _estack = (ORIGIN (RAM) + LENGTH (RAM))
                0x0000000000000200                _Min_Heap_Size = 0x200
                0x0000000000000400                _Min_Stack_Size = 0x400

.isr_vector     0x0000000008000000      0x1e4
                0x0000000008000000                . = ALIGN (0x4)
 *(.isr_vector)
 .isr_vector    0x0000000008000000      0x1e4 Core/Startup/startup_stm32f103rctx.o
                0x0000000008000000                g_pfnVectors
                0x00000000080001e4                . = ALIGN (0x4)

.text           0x00000000080001e4     0x1ea0
                0x00000000080001e4                . = ALIGN (0x4)
 *(.text)
 .text          0x00000000080001e4       0x40 c:/st/stm32cubeide_1.1.0/stm32cubeide/plugins/com.st.stm32cube.ide.mcu.externaltools.gnu-tools-for-stm32.7-2018-q2-update.win32_1.0.0.201904181610/tools/bin/../lib/gcc/arm-none-eabi/7.3.1/thumb/v7-m/crtbegin.o
 *(.text*)
 .text._ZN12UartFixedLenC2EP20__UART_HandleTypeDef
                0x0000000008000224       0x4c App/app.o
                0x0000000008000224                UartFixedLen::UartFixedLen(__UART_HandleTypeDef*)
                0x0000000008000224                UartFixedLen::UartFixedLen(__UART_HandleTypeDef*)
 .text._ZN11UartFlexLenC2EP20__UART_HandleTypeDef
                0x0000000008000270       0x4a App/app.o
                0x0000000008000270                UartFlexLen::UartFlexLen(__UART_HandleTypeDef*)
                0x0000000008000270                UartFlexLen::UartFlexLen(__UART_HandleTypeDef*)
 *fill*         0x00000000080002ba        0x2 
 .text.AppInit  0x00000000080002bc       0x44 App/app.o
                0x00000000080002bc                AppInit
 .text.AppLoop  0x0000000008000300        0xc App/app.o
                0x0000000008000300                AppLoop
 .text.MX_DMA_Init
                0x000000000800030c       0x4c Core/Src/dma.o
                0x000000000800030c                MX_DMA_Init
 .text.MX_GPIO_Init
                0x0000000008000358       0x2c Core/Src/gpio.o
                0x0000000008000358                MX_GPIO_Init
 .text.main     0x0000000008000384       0x26 Core/Src/main.o
                0x0000000008000384                main
 .text.SystemClock_Config
                0x00000000080003aa       0x76 Core/Src/main.o
                0x00000000080003aa                SystemClock_Config
 .text.Error_Handler
                0x0000000008000420        0xc Core/Src/main.o
                0x0000000008000420                Error_Handler
 .text.HAL_MspInit
                0x000000000800042c       0x64 Core/Src/stm32f1xx_hal_msp.o
                0x000000000800042c                HAL_MspInit
 .text.NMI_Handler
                0x0000000008000490        0xc Core/Src/stm32f1xx_it.o
                0x0000000008000490                NMI_Handler
 .text.HardFault_Handler
                0x000000000800049c        0x6 Core/Src/stm32f1xx_it.o
                0x000000000800049c                HardFault_Handler
 .text.MemManage_Handler
                0x00000000080004a2        0x6 Core/Src/stm32f1xx_it.o
                0x00000000080004a2                MemManage_Handler
 .text.BusFault_Handler
                0x00000000080004a8        0x6 Core/Src/stm32f1xx_it.o
                0x00000000080004a8                BusFault_Handler
 .text.UsageFault_Handler
                0x00000000080004ae        0x6 Core/Src/stm32f1xx_it.o
                0x00000000080004ae                UsageFault_Handler
 .text.SVC_Handler
                0x00000000080004b4        0xc Core/Src/stm32f1xx_it.o
                0x00000000080004b4                SVC_Handler
 .text.DebugMon_Handler
                0x00000000080004c0        0xc Core/Src/stm32f1xx_it.o
                0x00000000080004c0                DebugMon_Handler
 .text.PendSV_Handler
                0x00000000080004cc        0xc Core/Src/stm32f1xx_it.o
                0x00000000080004cc                PendSV_Handler
 .text.SysTick_Handler
                0x00000000080004d8        0xc Core/Src/stm32f1xx_it.o
                0x00000000080004d8                SysTick_Handler
 .text.DMA1_Channel5_IRQHandler
                0x00000000080004e4       0x14 Core/Src/stm32f1xx_it.o
                0x00000000080004e4                DMA1_Channel5_IRQHandler
 .text.DMA1_Channel6_IRQHandler
                0x00000000080004f8       0x14 Core/Src/stm32f1xx_it.o
                0x00000000080004f8                DMA1_Channel6_IRQHandler
 .text._getpid  0x000000000800050c        0xe Core/Src/syscalls.o
                0x000000000800050c                _getpid
 .text._kill    0x000000000800051a       0x20 Core/Src/syscalls.o
                0x000000000800051a                _kill
 .text._exit    0x000000000800053a       0x14 Core/Src/syscalls.o
                0x000000000800053a                _exit
 *fill*         0x000000000800054e        0x2 
 .text._sbrk    0x0000000008000550       0x58 Core/Src/sysmem.o
                0x0000000008000550                _sbrk
 .text.SystemInit
                0x00000000080005a8       0x68 Core/Src/system_stm32f1xx.o
                0x00000000080005a8                SystemInit
 .text.MX_USART1_UART_Init
                0x0000000008000610       0x54 Core/Src/usart.o
                0x0000000008000610                MX_USART1_UART_Init
 .text.MX_USART2_UART_Init
                0x0000000008000664       0x54 Core/Src/usart.o
                0x0000000008000664                MX_USART2_UART_Init
 .text.HAL_UART_MspInit
                0x00000000080006b8      0x1b0 Core/Src/usart.o
                0x00000000080006b8                HAL_UART_MspInit
 .text.Reset_Handler
                0x0000000008000868       0x48 Core/Startup/startup_stm32f103rctx.o
                0x0000000008000868                Reset_Handler
 .text.Default_Handler
                0x00000000080008b0        0x2 Core/Startup/startup_stm32f103rctx.o
                0x00000000080008b0                RTC_Alarm_IRQHandler
                0x00000000080008b0                EXTI2_IRQHandler
                0x00000000080008b0                TIM8_TRG_COM_IRQHandler
                0x00000000080008b0                TIM8_CC_IRQHandler
                0x00000000080008b0                TIM1_CC_IRQHandler
                0x00000000080008b0                TIM6_IRQHandler
                0x00000000080008b0                PVD_IRQHandler
                0x00000000080008b0                SDIO_IRQHandler
                0x00000000080008b0                EXTI3_IRQHandler
                0x00000000080008b0                EXTI0_IRQHandler
                0x00000000080008b0                I2C2_EV_IRQHandler
                0x00000000080008b0                ADC1_2_IRQHandler
                0x00000000080008b0                SPI1_IRQHandler
                0x00000000080008b0                TAMPER_IRQHandler
                0x00000000080008b0                TIM8_UP_IRQHandler
                0x00000000080008b0                DMA2_Channel2_IRQHandler
                0x00000000080008b0                DMA1_Channel4_IRQHandler
                0x00000000080008b0                USART3_IRQHandler
                0x00000000080008b0                RTC_IRQHandler
                0x00000000080008b0                DMA1_Channel7_IRQHandler
                0x00000000080008b0                CAN1_RX1_IRQHandler
                0x00000000080008b0                UART5_IRQHandler
                0x00000000080008b0                ADC3_IRQHandler
                0x00000000080008b0                TIM4_IRQHandler
                0x00000000080008b0                DMA2_Channel1_IRQHandler
                0x00000000080008b0                I2C1_EV_IRQHandler
                0x00000000080008b0                UART4_IRQHandler
                0x00000000080008b0                TIM3_IRQHandler
                0x00000000080008b0                RCC_IRQHandler
                0x00000000080008b0                TIM1_TRG_COM_IRQHandler
                0x00000000080008b0                DMA1_Channel1_IRQHandler
                0x00000000080008b0                Default_Handler
                0x00000000080008b0                EXTI15_10_IRQHandler
                0x00000000080008b0                TIM7_IRQHandler
                0x00000000080008b0                TIM5_IRQHandler
                0x00000000080008b0                EXTI9_5_IRQHandler
                0x00000000080008b0                SPI2_IRQHandler
                0x00000000080008b0                EXTI4_IRQHandler
                0x00000000080008b0                USB_LP_CAN1_RX0_IRQHandler
                0x00000000080008b0                USB_HP_CAN1_TX_IRQHandler
                0x00000000080008b0                DMA1_Channel3_IRQHandler
                0x00000000080008b0                FSMC_IRQHandler
                0x00000000080008b0                TIM1_UP_IRQHandler
                0x00000000080008b0                WWDG_IRQHandler
                0x00000000080008b0                TIM2_IRQHandler
                0x00000000080008b0                TIM1_BRK_IRQHandler
                0x00000000080008b0                EXTI1_IRQHandler
                0x00000000080008b0                DMA2_Channel4_5_IRQHandler
                0x00000000080008b0                USART2_IRQHandler
                0x00000000080008b0                I2C2_ER_IRQHandler
                0x00000000080008b0                DMA1_Channel2_IRQHandler
                0x00000000080008b0                TIM8_BRK_IRQHandler
                0x00000000080008b0                CAN1_SCE_IRQHandler
                0x00000000080008b0                FLASH_IRQHandler
                0x00000000080008b0                USART1_IRQHandler
                0x00000000080008b0                SPI3_IRQHandler
                0x00000000080008b0                I2C1_ER_IRQHandler
                0x00000000080008b0                USBWakeUp_IRQHandler
                0x00000000080008b0                DMA2_Channel3_IRQHandler
 *fill*         0x00000000080008b2        0x2 
 .text.HAL_Init
                0x00000000080008b4       0x2c Drivers/STM32F1xx_HAL_Driver/Src/stm32f1xx_hal.o
                0x00000000080008b4                HAL_Init
 .text.HAL_InitTick
                0x00000000080008e0       0x60 Drivers/STM32F1xx_HAL_Driver/Src/stm32f1xx_hal.o
                0x00000000080008e0                HAL_InitTick
 .text.HAL_IncTick
                0x0000000008000940       0x24 Drivers/STM32F1xx_HAL_Driver/Src/stm32f1xx_hal.o
                0x0000000008000940                HAL_IncTick
 .text.HAL_GetTick
                0x0000000008000964       0x14 Drivers/STM32F1xx_HAL_Driver/Src/stm32f1xx_hal.o
                0x0000000008000964                HAL_GetTick
 .text.__NVIC_SetPriorityGrouping
                0x0000000008000978       0x48 Drivers/STM32F1xx_HAL_Driver/Src/stm32f1xx_hal_cortex.o
 .text.__NVIC_GetPriorityGrouping
                0x00000000080009c0       0x1c Drivers/STM32F1xx_HAL_Driver/Src/stm32f1xx_hal_cortex.o
 .text.__NVIC_EnableIRQ
                0x00000000080009dc       0x38 Drivers/STM32F1xx_HAL_Driver/Src/stm32f1xx_hal_cortex.o
 .text.__NVIC_SetPriority
                0x0000000008000a14       0x54 Drivers/STM32F1xx_HAL_Driver/Src/stm32f1xx_hal_cortex.o
 .text.NVIC_EncodePriority
                0x0000000008000a68       0x64 Drivers/STM32F1xx_HAL_Driver/Src/stm32f1xx_hal_cortex.o
 .text.SysTick_Config
                0x0000000008000acc       0x44 Drivers/STM32F1xx_HAL_Driver/Src/stm32f1xx_hal_cortex.o
 .text.HAL_NVIC_SetPriorityGrouping
                0x0000000008000b10       0x16 Drivers/STM32F1xx_HAL_Driver/Src/stm32f1xx_hal_cortex.o
                0x0000000008000b10                HAL_NVIC_SetPriorityGrouping
 .text.HAL_NVIC_SetPriority
                0x0000000008000b26       0x38 Drivers/STM32F1xx_HAL_Driver/Src/stm32f1xx_hal_cortex.o
                0x0000000008000b26                HAL_NVIC_SetPriority
 .text.HAL_NVIC_EnableIRQ
                0x0000000008000b5e       0x1c Drivers/STM32F1xx_HAL_Driver/Src/stm32f1xx_hal_cortex.o
                0x0000000008000b5e                HAL_NVIC_EnableIRQ
 .text.HAL_SYSTICK_Config
                0x0000000008000b7a       0x18 Drivers/STM32F1xx_HAL_Driver/Src/stm32f1xx_hal_cortex.o
                0x0000000008000b7a                HAL_SYSTICK_Config
 *fill*         0x0000000008000b92        0x2 
 .text.HAL_DMA_Init
                0x0000000008000b94       0xec Drivers/STM32F1xx_HAL_Driver/Src/stm32f1xx_hal_dma.o
                0x0000000008000b94                HAL_DMA_Init
 .text.HAL_DMA_IRQHandler
                0x0000000008000c80      0x478 Drivers/STM32F1xx_HAL_Driver/Src/stm32f1xx_hal_dma.o
                0x0000000008000c80                HAL_DMA_IRQHandler
 .text.HAL_GPIO_Init
                0x00000000080010f8      0x2d4 Drivers/STM32F1xx_HAL_Driver/Src/stm32f1xx_hal_gpio.o
                0x00000000080010f8                HAL_GPIO_Init
 .text.HAL_RCC_OscConfig
                0x00000000080013cc      0x500 Drivers/STM32F1xx_HAL_Driver/Src/stm32f1xx_hal_rcc.o
                0x00000000080013cc                HAL_RCC_OscConfig
 .text.HAL_RCC_ClockConfig
                0x00000000080018cc      0x1d4 Drivers/STM32F1xx_HAL_Driver/Src/stm32f1xx_hal_rcc.o
                0x00000000080018cc                HAL_RCC_ClockConfig
 .text.HAL_RCC_GetSysClockFreq
                0x0000000008001aa0       0xc4 Drivers/STM32F1xx_HAL_Driver/Src/stm32f1xx_hal_rcc.o
                0x0000000008001aa0                HAL_RCC_GetSysClockFreq
 .text.HAL_RCC_GetHCLKFreq
                0x0000000008001b64       0x14 Drivers/STM32F1xx_HAL_Driver/Src/stm32f1xx_hal_rcc.o
                0x0000000008001b64                HAL_RCC_GetHCLKFreq
 .text.HAL_RCC_GetPCLK1Freq
                0x0000000008001b78       0x28 Drivers/STM32F1xx_HAL_Driver/Src/stm32f1xx_hal_rcc.o
                0x0000000008001b78                HAL_RCC_GetPCLK1Freq
 .text.HAL_RCC_GetPCLK2Freq
                0x0000000008001ba0       0x28 Drivers/STM32F1xx_HAL_Driver/Src/stm32f1xx_hal_rcc.o
                0x0000000008001ba0                HAL_RCC_GetPCLK2Freq
 .text.RCC_Delay
                0x0000000008001bc8       0x3c Drivers/STM32F1xx_HAL_Driver/Src/stm32f1xx_hal_rcc.o
 .text.HAL_UART_Init
                0x0000000008001c04       0x9a Drivers/STM32F1xx_HAL_Driver/Src/stm32f1xx_hal_uart.o
                0x0000000008001c04                HAL_UART_Init
 *fill*         0x0000000008001c9e        0x2 
 .text.UART_SetConfig
                0x0000000008001ca0      0x1b4 Drivers/STM32F1xx_HAL_Driver/Src/stm32f1xx_hal_uart.o
 .text._Znwj    0x0000000008001e54       0x22 c:/st/stm32cubeide_1.1.0/stm32cubeide/plugins/com.st.stm32cube.ide.mcu.externaltools.gnu-tools-for-stm32.7-2018-q2-update.win32_1.0.0.201904181610/tools/bin/../lib/gcc/arm-none-eabi/7.3.1/../../../../arm-none-eabi/lib/thumb/v7-m\libstdc++_nano.a(new_op.o)
                0x0000000008001e54                operator new(unsigned int)
 *fill*         0x0000000008001e76        0x2 
 .text._ZSt15get_new_handlerv
                0x0000000008001e78       0x10 c:/st/stm32cubeide_1.1.0/stm32cubeide/plugins/com.st.stm32cube.ide.mcu.externaltools.gnu-tools-for-stm32.7-2018-q2-update.win32_1.0.0.201904181610/tools/bin/../lib/gcc/arm-none-eabi/7.3.1/../../../../arm-none-eabi/lib/thumb/v7-m\libstdc++_nano.a(new_handler.o)
                0x0000000008001e78                std::get_new_handler()
 .text.abort    0x0000000008001e88        0xe c:/st/stm32cubeide_1.1.0/stm32cubeide/plugins/com.st.stm32cube.ide.mcu.externaltools.gnu-tools-for-stm32.7-2018-q2-update.win32_1.0.0.201904181610/tools/bin/../lib/gcc/arm-none-eabi/7.3.1/../../../../arm-none-eabi/lib/thumb/v7-m\libc_nano.a(lib_a-abort.o)
                0x0000000008001e88                abort
 *fill*         0x0000000008001e96        0x2 
 .text.__errno  0x0000000008001e98        0xc c:/st/stm32cubeide_1.1.0/stm32cubeide/plugins/com.st.stm32cube.ide.mcu.externaltools.gnu-tools-for-stm32.7-2018-q2-update.win32_1.0.0.201904181610/tools/bin/../lib/gcc/arm-none-eabi/7.3.1/../../../../arm-none-eabi/lib/thumb/v7-m\libc_nano.a(lib_a-errno.o)
                0x0000000008001e98                __errno
 .text.__libc_init_array
                0x0000000008001ea4       0x48 c:/st/stm32cubeide_1.1.0/stm32cubeide/plugins/com.st.stm32cube.ide.mcu.externaltools.gnu-tools-for-stm32.7-2018-q2-update.win32_1.0.0.201904181610/tools/bin/../lib/gcc/arm-none-eabi/7.3.1/../../../../arm-none-eabi/lib/thumb/v7-m\libc_nano.a(lib_a-init.o)
                0x0000000008001ea4                __libc_init_array
 .text.malloc   0x0000000008001eec       0x10 c:/st/stm32cubeide_1.1.0/stm32cubeide/plugins/com.st.stm32cube.ide.mcu.externaltools.gnu-tools-for-stm32.7-2018-q2-update.win32_1.0.0.201904181610/tools/bin/../lib/gcc/arm-none-eabi/7.3.1/../../../../arm-none-eabi/lib/thumb/v7-m\libc_nano.a(lib_a-malloc.o)
                0x0000000008001eec                malloc
 .text.memset   0x0000000008001efc       0x10 c:/st/stm32cubeide_1.1.0/stm32cubeide/plugins/com.st.stm32cube.ide.mcu.externaltools.gnu-tools-for-stm32.7-2018-q2-update.win32_1.0.0.201904181610/tools/bin/../lib/gcc/arm-none-eabi/7.3.1/../../../../arm-none-eabi/lib/thumb/v7-m\libc_nano.a(lib_a-memset.o)
                0x0000000008001efc                memset
 .text._malloc_r
                0x0000000008001f0c       0xb4 c:/st/stm32cubeide_1.1.0/stm32cubeide/plugins/com.st.stm32cube.ide.mcu.externaltools.gnu-tools-for-stm32.7-2018-q2-update.win32_1.0.0.201904181610/tools/bin/../lib/gcc/arm-none-eabi/7.3.1/../../../../arm-none-eabi/lib/thumb/v7-m\libc_nano.a(lib_a-nano-mallocr.o)
                0x0000000008001f0c                _malloc_r
 .text._sbrk_r  0x0000000008001fc0       0x20 c:/st/stm32cubeide_1.1.0/stm32cubeide/plugins/com.st.stm32cube.ide.mcu.externaltools.gnu-tools-for-stm32.7-2018-q2-update.win32_1.0.0.201904181610/tools/bin/../lib/gcc/arm-none-eabi/7.3.1/../../../../arm-none-eabi/lib/thumb/v7-m\libc_nano.a(lib_a-sbrkr.o)
                0x0000000008001fc0                _sbrk_r
 .text._raise_r
                0x0000000008001fe0       0x50 c:/st/stm32cubeide_1.1.0/stm32cubeide/plugins/com.st.stm32cube.ide.mcu.externaltools.gnu-tools-for-stm32.7-2018-q2-update.win32_1.0.0.201904181610/tools/bin/../lib/gcc/arm-none-eabi/7.3.1/../../../../arm-none-eabi/lib/thumb/v7-m\libc_nano.a(lib_a-signal.o)
                0x0000000008001fe0                _raise_r
 .text.raise    0x0000000008002030       0x10 c:/st/stm32cubeide_1.1.0/stm32cubeide/plugins/com.st.stm32cube.ide.mcu.externaltools.gnu-tools-for-stm32.7-2018-q2-update.win32_1.0.0.201904181610/tools/bin/../lib/gcc/arm-none-eabi/7.3.1/../../../../arm-none-eabi/lib/thumb/v7-m\libc_nano.a(lib_a-signal.o)
                0x0000000008002030                raise
 .text._kill_r  0x0000000008002040       0x24 c:/st/stm32cubeide_1.1.0/stm32cubeide/plugins/com.st.stm32cube.ide.mcu.externaltools.gnu-tools-for-stm32.7-2018-q2-update.win32_1.0.0.201904181610/tools/bin/../lib/gcc/arm-none-eabi/7.3.1/../../../../arm-none-eabi/lib/thumb/v7-m\libc_nano.a(lib_a-signalr.o)
                0x0000000008002040                _kill_r
 .text._getpid_r
                0x0000000008002064        0x4 c:/st/stm32cubeide_1.1.0/stm32cubeide/plugins/com.st.stm32cube.ide.mcu.externaltools.gnu-tools-for-stm32.7-2018-q2-update.win32_1.0.0.201904181610/tools/bin/../lib/gcc/arm-none-eabi/7.3.1/../../../../arm-none-eabi/lib/thumb/v7-m\libc_nano.a(lib_a-signalr.o)
                0x0000000008002064                _getpid_r
 .text.__malloc_lock
                0x0000000008002068        0x2 c:/st/stm32cubeide_1.1.0/stm32cubeide/plugins/com.st.stm32cube.ide.mcu.externaltools.gnu-tools-for-stm32.7-2018-q2-update.win32_1.0.0.201904181610/tools/bin/../lib/gcc/arm-none-eabi/7.3.1/../../../../arm-none-eabi/lib/thumb/v7-m\libc_nano.a(lib_a-mlock.o)
                0x0000000008002068                __malloc_lock
 .text.__malloc_unlock
                0x000000000800206a        0x2 c:/st/stm32cubeide_1.1.0/stm32cubeide/plugins/com.st.stm32cube.ide.mcu.externaltools.gnu-tools-for-stm32.7-2018-q2-update.win32_1.0.0.201904181610/tools/bin/../lib/gcc/arm-none-eabi/7.3.1/../../../../arm-none-eabi/lib/thumb/v7-m\libc_nano.a(lib_a-mlock.o)
                0x000000000800206a                __malloc_unlock
 *(.glue_7)
 .glue_7        0x000000000800206c        0x0 linker stubs
 *(.glue_7t)
 .glue_7t       0x000000000800206c        0x0 linker stubs
 *(.eh_frame)
 .eh_frame      0x000000000800206c        0x0 c:/st/stm32cubeide_1.1.0/stm32cubeide/plugins/com.st.stm32cube.ide.mcu.externaltools.gnu-tools-for-stm32.7-2018-q2-update.win32_1.0.0.201904181610/tools/bin/../lib/gcc/arm-none-eabi/7.3.1/thumb/v7-m/crtbegin.o
 *(.init)
 .init          0x000000000800206c        0x4 c:/st/stm32cubeide_1.1.0/stm32cubeide/plugins/com.st.stm32cube.ide.mcu.externaltools.gnu-tools-for-stm32.7-2018-q2-update.win32_1.0.0.201904181610/tools/bin/../lib/gcc/arm-none-eabi/7.3.1/thumb/v7-m/crti.o
                0x000000000800206c                _init
 .init          0x0000000008002070        0x8 c:/st/stm32cubeide_1.1.0/stm32cubeide/plugins/com.st.stm32cube.ide.mcu.externaltools.gnu-tools-for-stm32.7-2018-q2-update.win32_1.0.0.201904181610/tools/bin/../lib/gcc/arm-none-eabi/7.3.1/thumb/v7-m/crtn.o
 *(.fini)
 .fini          0x0000000008002078        0x4 c:/st/stm32cubeide_1.1.0/stm32cubeide/plugins/com.st.stm32cube.ide.mcu.externaltools.gnu-tools-for-stm32.7-2018-q2-update.win32_1.0.0.201904181610/tools/bin/../lib/gcc/arm-none-eabi/7.3.1/thumb/v7-m/crti.o
                0x0000000008002078                _fini
 .fini          0x000000000800207c        0x8 c:/st/stm32cubeide_1.1.0/stm32cubeide/plugins/com.st.stm32cube.ide.mcu.externaltools.gnu-tools-for-stm32.7-2018-q2-update.win32_1.0.0.201904181610/tools/bin/../lib/gcc/arm-none-eabi/7.3.1/thumb/v7-m/crtn.o
                0x0000000008002084                . = ALIGN (0x4)
                0x0000000008002084                _etext = .

.vfp11_veneer   0x0000000008002084        0x0
 .vfp11_veneer  0x0000000008002084        0x0 linker stubs

.v4_bx          0x0000000008002084        0x0
 .v4_bx         0x0000000008002084        0x0 linker stubs

.iplt           0x0000000008002084        0x0
 .iplt          0x0000000008002084        0x0 c:/st/stm32cubeide_1.1.0/stm32cubeide/plugins/com.st.stm32cube.ide.mcu.externaltools.gnu-tools-for-stm32.7-2018-q2-update.win32_1.0.0.201904181610/tools/bin/../lib/gcc/arm-none-eabi/7.3.1/thumb/v7-m/crtbegin.o

.rodata         0x0000000008002084       0x2c
                0x0000000008002084                . = ALIGN (0x4)
 *(.rodata)
 .rodata        0x0000000008002084       0x12 Drivers/STM32F1xx_HAL_Driver/Src/stm32f1xx_hal_rcc.o
 *(.rodata*)
 *fill*         0x0000000008002096        0x2 
 .rodata.AHBPrescTable
                0x0000000008002098       0x10 Core/Src/system_stm32f1xx.o
                0x0000000008002098                AHBPrescTable
 .rodata.APBPrescTable
                0x00000000080020a8        0x8 Core/Src/system_stm32f1xx.o
                0x00000000080020a8                APBPrescTable
                0x00000000080020b0                . = ALIGN (0x4)

.rel.dyn        0x00000000080020b0        0x0
 .rel.iplt      0x00000000080020b0        0x0 c:/st/stm32cubeide_1.1.0/stm32cubeide/plugins/com.st.stm32cube.ide.mcu.externaltools.gnu-tools-for-stm32.7-2018-q2-update.win32_1.0.0.201904181610/tools/bin/../lib/gcc/arm-none-eabi/7.3.1/thumb/v7-m/crtbegin.o

.ARM.extab      0x00000000080020b0        0x0
                0x00000000080020b0                . = ALIGN (0x4)
 *(.ARM.extab* .gnu.linkonce.armextab.*)
                0x00000000080020b0                . = ALIGN (0x4)

.ARM            0x00000000080020b0        0x0
                0x00000000080020b0                . = ALIGN (0x4)
                0x00000000080020b0                __exidx_start = .
 *(.ARM.exidx*)
                0x00000000080020b0                __exidx_end = .
                0x00000000080020b0                . = ALIGN (0x4)

.preinit_array  0x00000000080020b0        0x0
                0x00000000080020b0                . = ALIGN (0x4)
                0x00000000080020b0                PROVIDE (__preinit_array_start = .)
 *(.preinit_array*)
                0x00000000080020b0                PROVIDE (__preinit_array_end = .)
                0x00000000080020b0                . = ALIGN (0x4)

.init_array     0x00000000080020b0        0x4
                0x00000000080020b0                . = ALIGN (0x4)
                0x00000000080020b0                PROVIDE (__init_array_start = .)
 *(SORT_BY_NAME(.init_array.*))
 *(.init_array*)
 .init_array    0x00000000080020b0        0x4 c:/st/stm32cubeide_1.1.0/stm32cubeide/plugins/com.st.stm32cube.ide.mcu.externaltools.gnu-tools-for-stm32.7-2018-q2-update.win32_1.0.0.201904181610/tools/bin/../lib/gcc/arm-none-eabi/7.3.1/thumb/v7-m/crtbegin.o
                0x00000000080020b4                PROVIDE (__init_array_end = .)
                0x00000000080020b4                . = ALIGN (0x4)

.fini_array     0x00000000080020b4        0x4
                0x00000000080020b4                . = ALIGN (0x4)
                [!provide]                        PROVIDE (__fini_array_start = .)
 *(SORT_BY_NAME(.fini_array.*))
 *(.fini_array*)
 .fini_array    0x00000000080020b4        0x4 c:/st/stm32cubeide_1.1.0/stm32cubeide/plugins/com.st.stm32cube.ide.mcu.externaltools.gnu-tools-for-stm32.7-2018-q2-update.win32_1.0.0.201904181610/tools/bin/../lib/gcc/arm-none-eabi/7.3.1/thumb/v7-m/crtbegin.o
                [!provide]                        PROVIDE (__fini_array_end = .)
                0x00000000080020b8                . = ALIGN (0x4)
                0x00000000080020b8                _sidata = LOADADDR (.data)

.data           0x0000000020000000       0x70 load address 0x00000000080020b8
                0x0000000020000000                . = ALIGN (0x4)
                0x0000000020000000                _sdata = .
 *(.data)
 *(.data*)
 .data.SystemCoreClock
                0x0000000020000000        0x4 Core/Src/system_stm32f1xx.o
                0x0000000020000000                SystemCoreClock
 .data.uwTickPrio
                0x0000000020000004        0x4 Drivers/STM32F1xx_HAL_Driver/Src/stm32f1xx_hal.o
                0x0000000020000004                uwTickPrio
 .data.uwTickFreq
                0x0000000020000008        0x1 Drivers/STM32F1xx_HAL_Driver/Src/stm32f1xx_hal.o
                0x0000000020000008                uwTickFreq
 *fill*         0x0000000020000009        0x3 
 .data._impure_ptr
                0x000000002000000c        0x4 c:/st/stm32cubeide_1.1.0/stm32cubeide/plugins/com.st.stm32cube.ide.mcu.externaltools.gnu-tools-for-stm32.7-2018-q2-update.win32_1.0.0.201904181610/tools/bin/../lib/gcc/arm-none-eabi/7.3.1/../../../../arm-none-eabi/lib/thumb/v7-m\libc_nano.a(lib_a-impure.o)
                0x000000002000000c                _impure_ptr
 .data.impure_data
                0x0000000020000010       0x60 c:/st/stm32cubeide_1.1.0/stm32cubeide/plugins/com.st.stm32cube.ide.mcu.externaltools.gnu-tools-for-stm32.7-2018-q2-update.win32_1.0.0.201904181610/tools/bin/../lib/gcc/arm-none-eabi/7.3.1/../../../../arm-none-eabi/lib/thumb/v7-m\libc_nano.a(lib_a-impure.o)
                0x0000000020000070                . = ALIGN (0x4)
                0x0000000020000070                _edata = .

.igot.plt       0x0000000020000070        0x0 load address 0x0000000008002128
 .igot.plt      0x0000000020000070        0x0 c:/st/stm32cubeide_1.1.0/stm32cubeide/plugins/com.st.stm32cube.ide.mcu.externaltools.gnu-tools-for-stm32.7-2018-q2-update.win32_1.0.0.201904181610/tools/bin/../lib/gcc/arm-none-eabi/7.3.1/thumb/v7-m/crtbegin.o
                0x0000000020000070                . = ALIGN (0x4)

.bss            0x0000000020000070      0x144 load address 0x0000000008002128
                0x0000000020000070                _sbss = .
                0x0000000020000070                __bss_start__ = _sbss
 *(.bss)
 .bss           0x0000000020000070       0x1c c:/st/stm32cubeide_1.1.0/stm32cubeide/plugins/com.st.stm32cube.ide.mcu.externaltools.gnu-tools-for-stm32.7-2018-q2-update.win32_1.0.0.201904181610/tools/bin/../lib/gcc/arm-none-eabi/7.3.1/thumb/v7-m/crtbegin.o
 *(.bss*)
 .bss.pUartFixed
                0x000000002000008c        0x4 App/app.o
                0x000000002000008c                pUartFixed
 .bss.pUartFlex
                0x0000000020000090        0x4 App/app.o
                0x0000000020000090                pUartFlex
 .bss.heap_end.5149
                0x0000000020000094        0x4 Core/Src/sysmem.o
 .bss._ZN12_GLOBAL__N_113__new_handlerE
                0x0000000020000098        0x4 c:/st/stm32cubeide_1.1.0/stm32cubeide/plugins/com.st.stm32cube.ide.mcu.externaltools.gnu-tools-for-stm32.7-2018-q2-update.win32_1.0.0.201904181610/tools/bin/../lib/gcc/arm-none-eabi/7.3.1/../../../../arm-none-eabi/lib/thumb/v7-m\libstdc++_nano.a(new_handler.o)
 .bss.__malloc_free_list
                0x000000002000009c        0x4 c:/st/stm32cubeide_1.1.0/stm32cubeide/plugins/com.st.stm32cube.ide.mcu.externaltools.gnu-tools-for-stm32.7-2018-q2-update.win32_1.0.0.201904181610/tools/bin/../lib/gcc/arm-none-eabi/7.3.1/../../../../arm-none-eabi/lib/thumb/v7-m\libc_nano.a(lib_a-nano-mallocr.o)
                0x000000002000009c                __malloc_free_list
 .bss.__malloc_sbrk_start
                0x00000000200000a0        0x4 c:/st/stm32cubeide_1.1.0/stm32cubeide/plugins/com.st.stm32cube.ide.mcu.externaltools.gnu-tools-for-stm32.7-2018-q2-update.win32_1.0.0.201904181610/tools/bin/../lib/gcc/arm-none-eabi/7.3.1/../../../../arm-none-eabi/lib/thumb/v7-m\libc_nano.a(lib_a-nano-mallocr.o)
                0x00000000200000a0                __malloc_sbrk_start
 *(COMMON)
 COMMON         0x00000000200000a4      0x108 Core/Src/usart.o
                0x00000000200000a4                hdma_usart2_rx
                0x00000000200000e8                hdma_usart1_rx
                0x000000002000012c                huart1
                0x000000002000016c                huart2
 COMMON         0x00000000200001ac        0x4 Drivers/STM32F1xx_HAL_Driver/Src/stm32f1xx_hal.o
                0x00000000200001ac                uwTick
 COMMON         0x00000000200001b0        0x4 c:/st/stm32cubeide_1.1.0/stm32cubeide/plugins/com.st.stm32cube.ide.mcu.externaltools.gnu-tools-for-stm32.7-2018-q2-update.win32_1.0.0.201904181610/tools/bin/../lib/gcc/arm-none-eabi/7.3.1/../../../../arm-none-eabi/lib/thumb/v7-m\libc_nano.a(lib_a-reent.o)
                0x00000000200001b0                errno
                0x00000000200001b4                . = ALIGN (0x4)
                0x00000000200001b4                _ebss = .
                0x00000000200001b4                __bss_end__ = _ebss

._user_heap_stack
                0x00000000200001b4      0x604 load address 0x0000000008002128
                0x00000000200001b8                . = ALIGN (0x8)
 *fill*         0x00000000200001b4        0x4 
                0x00000000200001b8                PROVIDE (end = .)
                [!provide]                        PROVIDE (_end = .)
                0x00000000200003b8                . = (. + _Min_Heap_Size)
 *fill*         0x00000000200001b8      0x200 
                0x00000000200007b8                . = (. + _Min_Stack_Size)
 *fill*         0x00000000200003b8      0x400 
                0x00000000200007b8                . = ALIGN (0x8)

/DISCARD/
 libc.a(*)
 libm.a(*)
 libgcc.a(*)

.ARM.attributes
                0x0000000000000000       0x29
 *(.ARM.attributes)
 .ARM.attributes
                0x0000000000000000       0x1d c:/st/stm32cubeide_1.1.0/stm32cubeide/plugins/com.st.stm32cube.ide.mcu.externaltools.gnu-tools-for-stm32.7-2018-q2-update.win32_1.0.0.201904181610/tools/bin/../lib/gcc/arm-none-eabi/7.3.1/thumb/v7-m/crti.o
 .ARM.attributes
                0x000000000000001d       0x2d c:/st/stm32cubeide_1.1.0/stm32cubeide/plugins/com.st.stm32cube.ide.mcu.externaltools.gnu-tools-for-stm32.7-2018-q2-update.win32_1.0.0.201904181610/tools/bin/../lib/gcc/arm-none-eabi/7.3.1/thumb/v7-m/crtbegin.o
 .ARM.attributes
                0x000000000000004a       0x33 App/app.o
 .ARM.attributes
                0x000000000000007d       0x33 Core/Src/dma.o
 .ARM.attributes
                0x00000000000000b0       0x33 Core/Src/gpio.o
 .ARM.attributes
                0x00000000000000e3       0x33 Core/Src/main.o
 .ARM.attributes
                0x0000000000000116       0x33 Core/Src/stm32f1xx_hal_msp.o
 .ARM.attributes
                0x0000000000000149       0x33 Core/Src/stm32f1xx_it.o
 .ARM.attributes
                0x000000000000017c       0x33 Core/Src/syscalls.o
 .ARM.attributes
                0x00000000000001af       0x33 Core/Src/sysmem.o
 .ARM.attributes
                0x00000000000001e2       0x33 Core/Src/system_stm32f1xx.o
 .ARM.attributes
                0x0000000000000215       0x33 Core/Src/usart.o
 .ARM.attributes
                0x0000000000000248       0x21 Core/Startup/startup_stm32f103rctx.o
 .ARM.attributes
                0x0000000000000269       0x33 Drivers/STM32F1xx_HAL_Driver/Src/stm32f1xx_hal.o
 .ARM.attributes
                0x000000000000029c       0x33 Drivers/STM32F1xx_HAL_Driver/Src/stm32f1xx_hal_cortex.o
 .ARM.attributes
                0x00000000000002cf       0x33 Drivers/STM32F1xx_HAL_Driver/Src/stm32f1xx_hal_dma.o
 .ARM.attributes
                0x0000000000000302       0x33 Drivers/STM32F1xx_HAL_Driver/Src/stm32f1xx_hal_gpio.o
 .ARM.attributes
                0x0000000000000335       0x33 Drivers/STM32F1xx_HAL_Driver/Src/stm32f1xx_hal_rcc.o
 .ARM.attributes
                0x0000000000000368       0x33 Drivers/STM32F1xx_HAL_Driver/Src/stm32f1xx_hal_uart.o
 .ARM.attributes
                0x000000000000039b       0x2d c:/st/stm32cubeide_1.1.0/stm32cubeide/plugins/com.st.stm32cube.ide.mcu.externaltools.gnu-tools-for-stm32.7-2018-q2-update.win32_1.0.0.201904181610/tools/bin/../lib/gcc/arm-none-eabi/7.3.1/../../../../arm-none-eabi/lib/thumb/v7-m\libstdc++_nano.a(new_op.o)
 .ARM.attributes
                0x00000000000003c8       0x2d c:/st/stm32cubeide_1.1.0/stm32cubeide/plugins/com.st.stm32cube.ide.mcu.externaltools.gnu-tools-for-stm32.7-2018-q2-update.win32_1.0.0.201904181610/tools/bin/../lib/gcc/arm-none-eabi/7.3.1/../../../../arm-none-eabi/lib/thumb/v7-m\libstdc++_nano.a(new_handler.o)
 .ARM.attributes
                0x00000000000003f5       0x2d c:/st/stm32cubeide_1.1.0/stm32cubeide/plugins/com.st.stm32cube.ide.mcu.externaltools.gnu-tools-for-stm32.7-2018-q2-update.win32_1.0.0.201904181610/tools/bin/../lib/gcc/arm-none-eabi/7.3.1/../../../../arm-none-eabi/lib/thumb/v7-m\libc_nano.a(lib_a-abort.o)
 .ARM.attributes
                0x0000000000000422       0x2d c:/st/stm32cubeide_1.1.0/stm32cubeide/plugins/com.st.stm32cube.ide.mcu.externaltools.gnu-tools-for-stm32.7-2018-q2-update.win32_1.0.0.201904181610/tools/bin/../lib/gcc/arm-none-eabi/7.3.1/../../../../arm-none-eabi/lib/thumb/v7-m\libc_nano.a(lib_a-errno.o)
 .ARM.attributes
                0x000000000000044f       0x2d c:/st/stm32cubeide_1.1.0/stm32cubeide/plugins/com.st.stm32cube.ide.mcu.externaltools.gnu-tools-for-stm32.7-2018-q2-update.win32_1.0.0.201904181610/tools/bin/../lib/gcc/arm-none-eabi/7.3.1/../../../../arm-none-eabi/lib/thumb/v7-m\libc_nano.a(lib_a-impure.o)
 .ARM.attributes
                0x000000000000047c       0x2d c:/st/stm32cubeide_1.1.0/stm32cubeide/plugins/com.st.stm32cube.ide.mcu.externaltools.gnu-tools-for-stm32.7-2018-q2-update.win32_1.0.0.201904181610/tools/bin/../lib/gcc/arm-none-eabi/7.3.1/../../../../arm-none-eabi/lib/thumb/v7-m\libc_nano.a(lib_a-init.o)
 .ARM.attributes
                0x00000000000004a9       0x2d c:/st/stm32cubeide_1.1.0/stm32cubeide/plugins/com.st.stm32cube.ide.mcu.externaltools.gnu-tools-for-stm32.7-2018-q2-update.win32_1.0.0.201904181610/tools/bin/../lib/gcc/arm-none-eabi/7.3.1/../../../../arm-none-eabi/lib/thumb/v7-m\libc_nano.a(lib_a-malloc.o)
 .ARM.attributes
                0x00000000000004d6       0x2d c:/st/stm32cubeide_1.1.0/stm32cubeide/plugins/com.st.stm32cube.ide.mcu.externaltools.gnu-tools-for-stm32.7-2018-q2-update.win32_1.0.0.201904181610/tools/bin/../lib/gcc/arm-none-eabi/7.3.1/../../../../arm-none-eabi/lib/thumb/v7-m\libc_nano.a(lib_a-memset.o)
 .ARM.attributes
                0x0000000000000503       0x2d c:/st/stm32cubeide_1.1.0/stm32cubeide/plugins/com.st.stm32cube.ide.mcu.externaltools.gnu-tools-for-stm32.7-2018-q2-update.win32_1.0.0.201904181610/tools/bin/../lib/gcc/arm-none-eabi/7.3.1/../../../../arm-none-eabi/lib/thumb/v7-m\libc_nano.a(lib_a-nano-mallocr.o)
 .ARM.attributes
                0x0000000000000530       0x2d c:/st/stm32cubeide_1.1.0/stm32cubeide/plugins/com.st.stm32cube.ide.mcu.externaltools.gnu-tools-for-stm32.7-2018-q2-update.win32_1.0.0.201904181610/tools/bin/../lib/gcc/arm-none-eabi/7.3.1/../../../../arm-none-eabi/lib/thumb/v7-m\libc_nano.a(lib_a-sbrkr.o)
 .ARM.attributes
                0x000000000000055d       0x2d c:/st/stm32cubeide_1.1.0/stm32cubeide/plugins/com.st.stm32cube.ide.mcu.externaltools.gnu-tools-for-stm32.7-2018-q2-update.win32_1.0.0.201904181610/tools/bin/../lib/gcc/arm-none-eabi/7.3.1/../../../../arm-none-eabi/lib/thumb/v7-m\libc_nano.a(lib_a-signal.o)
 .ARM.attributes
                0x000000000000058a       0x2d c:/st/stm32cubeide_1.1.0/stm32cubeide/plugins/com.st.stm32cube.ide.mcu.externaltools.gnu-tools-for-stm32.7-2018-q2-update.win32_1.0.0.201904181610/tools/bin/../lib/gcc/arm-none-eabi/7.3.1/../../../../arm-none-eabi/lib/thumb/v7-m\libc_nano.a(lib_a-signalr.o)
 .ARM.attributes
                0x00000000000005b7       0x2d c:/st/stm32cubeide_1.1.0/stm32cubeide/plugins/com.st.stm32cube.ide.mcu.externaltools.gnu-tools-for-stm32.7-2018-q2-update.win32_1.0.0.201904181610/tools/bin/../lib/gcc/arm-none-eabi/7.3.1/../../../../arm-none-eabi/lib/thumb/v7-m\libc_nano.a(lib_a-mlock.o)
 .ARM.attributes
                0x00000000000005e4       0x2d c:/st/stm32cubeide_1.1.0/stm32cubeide/plugins/com.st.stm32cube.ide.mcu.externaltools.gnu-tools-for-stm32.7-2018-q2-update.win32_1.0.0.201904181610/tools/bin/../lib/gcc/arm-none-eabi/7.3.1/../../../../arm-none-eabi/lib/thumb/v7-m\libc_nano.a(lib_a-reent.o)
 .ARM.attributes
                0x0000000000000611       0x1d c:/st/stm32cubeide_1.1.0/stm32cubeide/plugins/com.st.stm32cube.ide.mcu.externaltools.gnu-tools-for-stm32.7-2018-q2-update.win32_1.0.0.201904181610/tools/bin/../lib/gcc/arm-none-eabi/7.3.1/thumb/v7-m/crtn.o
OUTPUT(STM32F103_CppDriver.elf elf32-littlearm)

.debug_info     0x0000000000000000     0x7d05
 .debug_info    0x0000000000000000      0x97d App/app.o
 .debug_info    0x000000000000097d      0x3d3 Core/Src/dma.o
 .debug_info    0x0000000000000d50      0x227 Core/Src/gpio.o
 .debug_info    0x0000000000000f77      0x710 Core/Src/main.o
 .debug_info    0x0000000000001687      0x2cb Core/Src/stm32f1xx_hal_msp.o
 .debug_info    0x0000000000001952      0x43c Core/Src/stm32f1xx_it.o
 .debug_info    0x0000000000001d8e      0xebd Core/Src/syscalls.o
 .debug_info    0x0000000000002c4b      0x91c Core/Src/sysmem.o
 .debug_info    0x0000000000003567      0x433 Core/Src/system_stm32f1xx.o
 .debug_info    0x000000000000399a      0x82b Core/Src/usart.o
 .debug_info    0x00000000000041c5       0x22 Core/Startup/startup_stm32f103rctx.o
 .debug_info    0x00000000000041e7      0x764 Drivers/STM32F1xx_HAL_Driver/Src/stm32f1xx_hal.o
 .debug_info    0x000000000000494b      0xbac Drivers/STM32F1xx_HAL_Driver/Src/stm32f1xx_hal_cortex.o
 .debug_info    0x00000000000054f7      0x7a6 Drivers/STM32F1xx_HAL_Driver/Src/stm32f1xx_hal_dma.o
 .debug_info    0x0000000000005c9d      0x681 Drivers/STM32F1xx_HAL_Driver/Src/stm32f1xx_hal_gpio.o
 .debug_info    0x000000000000631e      0x804 Drivers/STM32F1xx_HAL_Driver/Src/stm32f1xx_hal_rcc.o
 .debug_info    0x0000000000006b22     0x11e3 Drivers/STM32F1xx_HAL_Driver/Src/stm32f1xx_hal_uart.o

.debug_abbrev   0x0000000000000000     0x1c23
 .debug_abbrev  0x0000000000000000      0x25c App/app.o
 .debug_abbrev  0x000000000000025c      0x107 Core/Src/dma.o
 .debug_abbrev  0x0000000000000363       0xfe Core/Src/gpio.o
 .debug_abbrev  0x0000000000000461      0x174 Core/Src/main.o
 .debug_abbrev  0x00000000000005d5      0x109 Core/Src/stm32f1xx_hal_msp.o
 .debug_abbrev  0x00000000000006de      0x149 Core/Src/stm32f1xx_it.o
 .debug_abbrev  0x0000000000000827      0x261 Core/Src/syscalls.o
 .debug_abbrev  0x0000000000000a88      0x1bb Core/Src/sysmem.o
 .debug_abbrev  0x0000000000000c43      0x134 Core/Src/system_stm32f1xx.o
 .debug_abbrev  0x0000000000000d77      0x1aa Core/Src/usart.o
 .debug_abbrev  0x0000000000000f21       0x12 Core/Startup/startup_stm32f103rctx.o
 .debug_abbrev  0x0000000000000f33      0x1d8 Drivers/STM32F1xx_HAL_Driver/Src/stm32f1xx_hal.o
 .debug_abbrev  0x000000000000110b      0x2d5 Drivers/STM32F1xx_HAL_Driver/Src/stm32f1xx_hal_cortex.o
 .debug_abbrev  0x00000000000013e0      0x1fe Drivers/STM32F1xx_HAL_Driver/Src/stm32f1xx_hal_dma.o
 .debug_abbrev  0x00000000000015de      0x1c0 Drivers/STM32F1xx_HAL_Driver/Src/stm32f1xx_hal_gpio.o
 .debug_abbrev  0x000000000000179e      0x243 Drivers/STM32F1xx_HAL_Driver/Src/stm32f1xx_hal_rcc.o
 .debug_abbrev  0x00000000000019e1      0x242 Drivers/STM32F1xx_HAL_Driver/Src/stm32f1xx_hal_uart.o

.debug_aranges  0x0000000000000000      0x7a0
 .debug_aranges
                0x0000000000000000       0x38 App/app.o
 .debug_aranges
                0x0000000000000038       0x20 Core/Src/dma.o
 .debug_aranges
                0x0000000000000058       0x20 Core/Src/gpio.o
 .debug_aranges
                0x0000000000000078       0x30 Core/Src/main.o
 .debug_aranges
                0x00000000000000a8       0x20 Core/Src/stm32f1xx_hal_msp.o
 .debug_aranges
                0x00000000000000c8       0x70 Core/Src/stm32f1xx_it.o
 .debug_aranges
                0x0000000000000138       0xa8 Core/Src/syscalls.o
 .debug_aranges
                0x00000000000001e0       0x20 Core/Src/sysmem.o
 .debug_aranges
                0x0000000000000200       0x28 Core/Src/system_stm32f1xx.o
 .debug_aranges
                0x0000000000000228       0x38 Core/Src/usart.o
 .debug_aranges
                0x0000000000000260       0x28 Core/Startup/startup_stm32f103rctx.o
 .debug_aranges
                0x0000000000000288       0xe0 Drivers/STM32F1xx_HAL_Driver/Src/stm32f1xx_hal.o
 .debug_aranges
                0x0000000000000368      0x100 Drivers/STM32F1xx_HAL_Driver/Src/stm32f1xx_hal_cortex.o
 .debug_aranges
                0x0000000000000468       0x80 Drivers/STM32F1xx_HAL_Driver/Src/stm32f1xx_hal_dma.o
 .debug_aranges
                0x00000000000004e8       0x58 Drivers/STM32F1xx_HAL_Driver/Src/stm32f1xx_hal_gpio.o
 .debug_aranges
                0x0000000000000540       0x90 Drivers/STM32F1xx_HAL_Driver/Src/stm32f1xx_hal_rcc.o
 .debug_aranges
                0x00000000000005d0      0x1d0 Drivers/STM32F1xx_HAL_Driver/Src/stm32f1xx_hal_uart.o

.debug_ranges   0x0000000000000000      0x698
 .debug_ranges  0x0000000000000000       0x28 App/app.o
 .debug_ranges  0x0000000000000028       0x10 Core/Src/dma.o
 .debug_ranges  0x0000000000000038       0x10 Core/Src/gpio.o
 .debug_ranges  0x0000000000000048       0x20 Core/Src/main.o
 .debug_ranges  0x0000000000000068       0x10 Core/Src/stm32f1xx_hal_msp.o
 .debug_ranges  0x0000000000000078       0x60 Core/Src/stm32f1xx_it.o
 .debug_ranges  0x00000000000000d8       0x98 Core/Src/syscalls.o
 .debug_ranges  0x0000000000000170       0x10 Core/Src/sysmem.o
 .debug_ranges  0x0000000000000180       0x18 Core/Src/system_stm32f1xx.o
 .debug_ranges  0x0000000000000198       0x28 Core/Src/usart.o
 .debug_ranges  0x00000000000001c0       0x20 Core/Startup/startup_stm32f103rctx.o
 .debug_ranges  0x00000000000001e0       0xd0 Drivers/STM32F1xx_HAL_Driver/Src/stm32f1xx_hal.o
 .debug_ranges  0x00000000000002b0       0xf0 Drivers/STM32F1xx_HAL_Driver/Src/stm32f1xx_hal_cortex.o
 .debug_ranges  0x00000000000003a0       0x70 Drivers/STM32F1xx_HAL_Driver/Src/stm32f1xx_hal_dma.o
 .debug_ranges  0x0000000000000410       0x48 Drivers/STM32F1xx_HAL_Driver/Src/stm32f1xx_hal_gpio.o
 .debug_ranges  0x0000000000000458       0x80 Drivers/STM32F1xx_HAL_Driver/Src/stm32f1xx_hal_rcc.o
 .debug_ranges  0x00000000000004d8      0x1c0 Drivers/STM32F1xx_HAL_Driver/Src/stm32f1xx_hal_uart.o

.debug_macro    0x0000000000000000    0x181eb
 .debug_macro   0x0000000000000000      0x1c5 App/app.o
 .debug_macro   0x00000000000001c5      0xb2c App/app.o
 .debug_macro   0x0000000000000cf1      0x21b App/app.o
 .debug_macro   0x0000000000000f0c       0x2e App/app.o
 .debug_macro   0x0000000000000f3a       0x22 App/app.o
 .debug_macro   0x0000000000000f5c       0x1c App/app.o
 .debug_macro   0x0000000000000f78       0x22 App/app.o
 .debug_macro   0x0000000000000f9a       0x8e App/app.o
 .debug_macro   0x0000000000001028       0x51 App/app.o
 .debug_macro   0x0000000000001079       0xef App/app.o
 .debug_macro   0x0000000000001168       0x6a App/app.o
 .debug_macro   0x00000000000011d2      0x1df App/app.o
 .debug_macro   0x00000000000013b1       0x1c App/app.o
 .debug_macro   0x00000000000013cd       0x22 App/app.o
 .debug_macro   0x00000000000013ef       0xc3 App/app.o
 .debug_macro   0x00000000000014b2      0xd23 App/app.o
 .debug_macro   0x00000000000021d5     0xfd8c App/app.o
 .debug_macro   0x0000000000011f61       0x43 App/app.o
 .debug_macro   0x0000000000011fa4      0x17b App/app.o
 .debug_macro   0x000000000001211f       0x5a App/app.o
 .debug_macro   0x0000000000012179      0x5be App/app.o
 .debug_macro   0x0000000000012737      0x4d5 App/app.o
 .debug_macro   0x0000000000012c0c      0x1cb App/app.o
 .debug_macro   0x0000000000012dd7      0x114 App/app.o
 .debug_macro   0x0000000000012eeb      0x1ea App/app.o
 .debug_macro   0x00000000000130d5       0x27 App/app.o
 .debug_macro   0x00000000000130fc      0x144 App/app.o
 .debug_macro   0x0000000000013240      0x1bc App/app.o
 .debug_macro   0x00000000000133fc       0x30 App/app.o
 .debug_macro   0x000000000001342c       0x3c App/app.o
 .debug_macro   0x0000000000013468       0x57 App/app.o
 .debug_macro   0x00000000000134bf       0x88 App/app.o
 .debug_macro   0x0000000000013547      0x24f App/app.o
 .debug_macro   0x0000000000013796      0x141 App/app.o
 .debug_macro   0x00000000000138d7      0x26b App/app.o
 .debug_macro   0x0000000000013b42       0xb5 App/app.o
 .debug_macro   0x0000000000013bf7       0x10 App/app.o
 .debug_macro   0x0000000000013c07      0x199 Core/Src/dma.o
 .debug_macro   0x0000000000013da0      0xa5a Core/Src/dma.o
 .debug_macro   0x00000000000147fa      0xd23 Core/Src/dma.o
 .debug_macro   0x000000000001551d      0x174 Core/Src/dma.o
 .debug_macro   0x0000000000015691      0x199 Core/Src/gpio.o
 .debug_macro   0x000000000001582a      0x1bb Core/Src/main.o
 .debug_macro   0x00000000000159e5      0x18f Core/Src/stm32f1xx_hal_msp.o
 .debug_macro   0x0000000000015b74      0x199 Core/Src/stm32f1xx_it.o
 .debug_macro   0x0000000000015d0d      0x243 Core/Src/syscalls.o
 .debug_macro   0x0000000000015f50       0x40 Core/Src/syscalls.o
 .debug_macro   0x0000000000015f90       0x18 Core/Src/syscalls.o
 .debug_macro   0x0000000000015fa8       0x94 Core/Src/syscalls.o
 .debug_macro   0x000000000001603c       0x3c Core/Src/syscalls.o
 .debug_macro   0x0000000000016078       0x34 Core/Src/syscalls.o
 .debug_macro   0x00000000000160ac       0x57 Core/Src/syscalls.o
 .debug_macro   0x0000000000016103      0x330 Core/Src/syscalls.o
 .debug_macro   0x0000000000016433       0x52 Core/Src/syscalls.o
 .debug_macro   0x0000000000016485       0x1f Core/Src/syscalls.o
 .debug_macro   0x00000000000164a4       0x43 Core/Src/syscalls.o
 .debug_macro   0x00000000000164e7       0x20 Core/Src/syscalls.o
 .debug_macro   0x0000000000016507      0x1a3 Core/Src/syscalls.o
 .debug_macro   0x00000000000166aa       0x10 Core/Src/syscalls.o
 .debug_macro   0x00000000000166ba       0x35 Core/Src/syscalls.o
 .debug_macro   0x00000000000166ef       0x10 Core/Src/syscalls.o
 .debug_macro   0x00000000000166ff       0x10 Core/Src/syscalls.o
 .debug_macro   0x000000000001670f       0x10 Core/Src/syscalls.o
 .debug_macro   0x000000000001671f       0x1c Core/Src/syscalls.o
 .debug_macro   0x000000000001673b       0x52 Core/Src/syscalls.o
 .debug_macro   0x000000000001678d       0x40 Core/Src/syscalls.o
 .debug_macro   0x00000000000167cd       0x10 Core/Src/syscalls.o
 .debug_macro   0x00000000000167dd       0x40 Core/Src/syscalls.o
 .debug_macro   0x000000000001681d       0xd7 Core/Src/syscalls.o
 .debug_macro   0x00000000000168f4       0x1c Core/Src/syscalls.o
 .debug_macro   0x0000000000016910       0x3d Core/Src/syscalls.o
 .debug_macro   0x000000000001694d       0x35 Core/Src/syscalls.o
 .debug_macro   0x0000000000016982      0x122 Core/Src/syscalls.o
 .debug_macro   0x0000000000016aa4       0x16 Core/Src/syscalls.o
 .debug_macro   0x0000000000016aba       0x16 Core/Src/syscalls.o
 .debug_macro   0x0000000000016ad0       0x29 Core/Src/syscalls.o
 .debug_macro   0x0000000000016af9       0x10 Core/Src/syscalls.o
 .debug_macro   0x0000000000016b09      0x241 Core/Src/syscalls.o
 .debug_macro   0x0000000000016d4a       0x1c Core/Src/syscalls.o
 .debug_macro   0x0000000000016d66       0x10 Core/Src/syscalls.o
 .debug_macro   0x0000000000016d76       0x10 Core/Src/syscalls.o
 .debug_macro   0x0000000000016d86       0x16 Core/Src/syscalls.o
 .debug_macro   0x0000000000016d9c      0x145 Core/Src/syscalls.o
 .debug_macro   0x0000000000016ee1      0x189 Core/Src/syscalls.o
 .debug_macro   0x000000000001706a       0x16 Core/Src/syscalls.o
 .debug_macro   0x0000000000017080       0x88 Core/Src/syscalls.o
 .debug_macro   0x0000000000017108      0x1ae Core/Src/sysmem.o
 .debug_macro   0x00000000000172b6      0x23b Core/Src/sysmem.o
 .debug_macro   0x00000000000174f1       0x16 Core/Src/sysmem.o
 .debug_macro   0x0000000000017507      0x18b Core/Src/system_stm32f1xx.o
 .debug_macro   0x0000000000017692      0x199 Core/Src/usart.o
 .debug_macro   0x000000000001782b      0x1a9 Drivers/STM32F1xx_HAL_Driver/Src/stm32f1xx_hal.o
 .debug_macro   0x00000000000179d4      0x185 Drivers/STM32F1xx_HAL_Driver/Src/stm32f1xx_hal_cortex.o
 .debug_macro   0x0000000000017b59      0x185 Drivers/STM32F1xx_HAL_Driver/Src/stm32f1xx_hal_dma.o
 .debug_macro   0x0000000000017cde      0x1f0 Drivers/STM32F1xx_HAL_Driver/Src/stm32f1xx_hal_gpio.o
 .debug_macro   0x0000000000017ece      0x197 Drivers/STM32F1xx_HAL_Driver/Src/stm32f1xx_hal_rcc.o
 .debug_macro   0x0000000000018065      0x186 Drivers/STM32F1xx_HAL_Driver/Src/stm32f1xx_hal_uart.o

.debug_line     0x0000000000000000     0x7e76
 .debug_line    0x0000000000000000      0x672 App/app.o
 .debug_line    0x0000000000000672      0x602 Core/Src/dma.o
 .debug_line    0x0000000000000c74      0x600 Core/Src/gpio.o
 .debug_line    0x0000000000001274      0x664 Core/Src/main.o
 .debug_line    0x00000000000018d8      0x606 Core/Src/stm32f1xx_hal_msp.o
 .debug_line    0x0000000000001ede      0x6cd Core/Src/stm32f1xx_it.o
 .debug_line    0x00000000000025ab      0x742 Core/Src/syscalls.o
 .debug_line    0x0000000000002ced      0x55e Core/Src/sysmem.o
 .debug_line    0x000000000000324b      0x636 Core/Src/system_stm32f1xx.o
 .debug_line    0x0000000000003881      0x686 Core/Src/usart.o
 .debug_line    0x0000000000003f07       0x84 Core/Startup/startup_stm32f103rctx.o
 .debug_line    0x0000000000003f8b      0x7de Drivers/STM32F1xx_HAL_Driver/Src/stm32f1xx_hal.o
 .debug_line    0x0000000000004769      0x8b7 Drivers/STM32F1xx_HAL_Driver/Src/stm32f1xx_hal_cortex.o
 .debug_line    0x0000000000005020      0xec7 Drivers/STM32F1xx_HAL_Driver/Src/stm32f1xx_hal_dma.o
 .debug_line    0x0000000000005ee7      0x806 Drivers/STM32F1xx_HAL_Driver/Src/stm32f1xx_hal_gpio.o
 .debug_line    0x00000000000066ed      0x8a0 Drivers/STM32F1xx_HAL_Driver/Src/stm32f1xx_hal_rcc.o
 .debug_line    0x0000000000006f8d      0xee9 Drivers/STM32F1xx_HAL_Driver/Src/stm32f1xx_hal_uart.o

.debug_str      0x0000000000000000    0x7a223
 .debug_str     0x0000000000000000    0x73252 App/app.o
                                      0x7372d (size before relaxing)
 .debug_str     0x0000000000073252      0x523 Core/Src/dma.o
                                      0x72ee3 (size before relaxing)
 .debug_str     0x0000000000073775       0x2a Core/Src/gpio.o
                                      0x72b2d (size before relaxing)
 .debug_str     0x000000000007379f      0x16f Core/Src/main.o
                                      0x72fff (size before relaxing)
 .debug_str     0x000000000007390e       0x5a Core/Src/stm32f1xx_hal_msp.o
                                      0x72b5d (size before relaxing)
 .debug_str     0x0000000000073968      0x10d Core/Src/stm32f1xx_it.o
                                      0x72da1 (size before relaxing)
 .debug_str     0x0000000000073a75     0x523a Core/Src/syscalls.o
                                       0x885f (size before relaxing)
 .debug_str     0x0000000000078caf       0x36 Core/Src/sysmem.o
                                       0x7ab8 (size before relaxing)
 .debug_str     0x0000000000078ce5       0xc2 Core/Src/system_stm32f1xx.o
                                      0x72bc4 (size before relaxing)
 .debug_str     0x0000000000078da7       0xae Core/Src/usart.o
                                      0x72fa9 (size before relaxing)
 .debug_str     0x0000000000078e55       0x52 Core/Startup/startup_stm32f103rctx.o
 .debug_str     0x0000000000078ea7      0x3c0 Drivers/STM32F1xx_HAL_Driver/Src/stm32f1xx_hal.o
                                      0x732b9 (size before relaxing)
 .debug_str     0x0000000000079267      0x2c8 Drivers/STM32F1xx_HAL_Driver/Src/stm32f1xx_hal_cortex.o
                                      0x732c7 (size before relaxing)
 .debug_str     0x000000000007952f      0x244 Drivers/STM32F1xx_HAL_Driver/Src/stm32f1xx_hal_dma.o
                                      0x72f25 (size before relaxing)
 .debug_str     0x0000000000079773      0x33b Drivers/STM32F1xx_HAL_Driver/Src/stm32f1xx_hal_gpio.o
                                      0x72f0e (size before relaxing)
 .debug_str     0x0000000000079aae      0x258 Drivers/STM32F1xx_HAL_Driver/Src/stm32f1xx_hal_rcc.o
                                      0x72f47 (size before relaxing)
 .debug_str     0x0000000000079d06      0x51d Drivers/STM32F1xx_HAL_Driver/Src/stm32f1xx_hal_uart.o
                                      0x73436 (size before relaxing)

.comment        0x0000000000000000       0x7b
 .comment       0x0000000000000000       0x7b App/app.o
                                         0x7c (size before relaxing)
 .comment       0x000000000000007b       0x7c Core/Src/dma.o
 .comment       0x000000000000007b       0x7c Core/Src/gpio.o
 .comment       0x000000000000007b       0x7c Core/Src/main.o
 .comment       0x000000000000007b       0x7c Core/Src/stm32f1xx_hal_msp.o
 .comment       0x000000000000007b       0x7c Core/Src/stm32f1xx_it.o
 .comment       0x000000000000007b       0x7c Core/Src/syscalls.o
 .comment       0x000000000000007b       0x7c Core/Src/sysmem.o
 .comment       0x000000000000007b       0x7c Core/Src/system_stm32f1xx.o
 .comment       0x000000000000007b       0x7c Core/Src/usart.o
 .comment       0x000000000000007b       0x7c Drivers/STM32F1xx_HAL_Driver/Src/stm32f1xx_hal.o
 .comment       0x000000000000007b       0x7c Drivers/STM32F1xx_HAL_Driver/Src/stm32f1xx_hal_cortex.o
 .comment       0x000000000000007b       0x7c Drivers/STM32F1xx_HAL_Driver/Src/stm32f1xx_hal_dma.o
 .comment       0x000000000000007b       0x7c Drivers/STM32F1xx_HAL_Driver/Src/stm32f1xx_hal_gpio.o
 .comment       0x000000000000007b       0x7c Drivers/STM32F1xx_HAL_Driver/Src/stm32f1xx_hal_rcc.o
 .comment       0x000000000000007b       0x7c Drivers/STM32F1xx_HAL_Driver/Src/stm32f1xx_hal_uart.o

.debug_frame    0x0000000000000000     0x1ecc
 .debug_frame   0x0000000000000000       0xa0 App/app.o
 .debug_frame   0x00000000000000a0       0x34 Core/Src/dma.o
 .debug_frame   0x00000000000000d4       0x38 Core/Src/gpio.o
 .debug_frame   0x000000000000010c       0x70 Core/Src/main.o
 .debug_frame   0x000000000000017c       0x38 Core/Src/stm32f1xx_hal_msp.o
 .debug_frame   0x00000000000001b4      0x144 Core/Src/stm32f1xx_it.o
 .debug_frame   0x00000000000002f8      0x2ac Core/Src/syscalls.o
 .debug_frame   0x00000000000005a4       0x34 Core/Src/sysmem.o
 .debug_frame   0x00000000000005d8       0x58 Core/Src/system_stm32f1xx.o
 .debug_frame   0x0000000000000630       0x90 Core/Src/usart.o
 .debug_frame   0x00000000000006c0      0x334 Drivers/STM32F1xx_HAL_Driver/Src/stm32f1xx_hal.o
 .debug_frame   0x00000000000009f4      0x428 Drivers/STM32F1xx_HAL_Driver/Src/stm32f1xx_hal_cortex.o
 .debug_frame   0x0000000000000e1c      0x20c Drivers/STM32F1xx_HAL_Driver/Src/stm32f1xx_hal_dma.o
 .debug_frame   0x0000000000001028      0x14c Drivers/STM32F1xx_HAL_Driver/Src/stm32f1xx_hal_gpio.o
 .debug_frame   0x0000000000001174      0x21c Drivers/STM32F1xx_HAL_Driver/Src/stm32f1xx_hal_rcc.o
 .debug_frame   0x0000000000001390      0x834 Drivers/STM32F1xx_HAL_Driver/Src/stm32f1xx_hal_uart.o
 .debug_frame   0x0000000000001bc4       0x28 c:/st/stm32cubeide_1.1.0/stm32cubeide/plugins/com.st.stm32cube.ide.mcu.externaltools.gnu-tools-for-stm32.7-2018-q2-update.win32_1.0.0.201904181610/tools/bin/../lib/gcc/arm-none-eabi/7.3.1/../../../../arm-none-eabi/lib/thumb/v7-m\libstdc++_nano.a(new_op.o)
 .debug_frame   0x0000000000001bec       0x30 c:/st/stm32cubeide_1.1.0/stm32cubeide/plugins/com.st.stm32cube.ide.mcu.externaltools.gnu-tools-for-stm32.7-2018-q2-update.win32_1.0.0.201904181610/tools/bin/../lib/gcc/arm-none-eabi/7.3.1/../../../../arm-none-eabi/lib/thumb/v7-m\libstdc++_nano.a(new_handler.o)
 .debug_frame   0x0000000000001c1c       0x28 c:/st/stm32cubeide_1.1.0/stm32cubeide/plugins/com.st.stm32cube.ide.mcu.externaltools.gnu-tools-for-stm32.7-2018-q2-update.win32_1.0.0.201904181610/tools/bin/../lib/gcc/arm-none-eabi/7.3.1/../../../../arm-none-eabi/lib/thumb/v7-m\libc_nano.a(lib_a-abort.o)
 .debug_frame   0x0000000000001c44       0x20 c:/st/stm32cubeide_1.1.0/stm32cubeide/plugins/com.st.stm32cube.ide.mcu.externaltools.gnu-tools-for-stm32.7-2018-q2-update.win32_1.0.0.201904181610/tools/bin/../lib/gcc/arm-none-eabi/7.3.1/../../../../arm-none-eabi/lib/thumb/v7-m\libc_nano.a(lib_a-errno.o)
 .debug_frame   0x0000000000001c64       0x2c c:/st/stm32cubeide_1.1.0/stm32cubeide/plugins/com.st.stm32cube.ide.mcu.externaltools.gnu-tools-for-stm32.7-2018-q2-update.win32_1.0.0.201904181610/tools/bin/../lib/gcc/arm-none-eabi/7.3.1/../../../../arm-none-eabi/lib/thumb/v7-m\libc_nano.a(lib_a-init.o)
 .debug_frame   0x0000000000001c90       0x30 c:/st/stm32cubeide_1.1.0/stm32cubeide/plugins/com.st.stm32cube.ide.mcu.externaltools.gnu-tools-for-stm32.7-2018-q2-update.win32_1.0.0.201904181610/tools/bin/../lib/gcc/arm-none-eabi/7.3.1/../../../../arm-none-eabi/lib/thumb/v7-m\libc_nano.a(lib_a-malloc.o)
 .debug_frame   0x0000000000001cc0       0x20 c:/st/stm32cubeide_1.1.0/stm32cubeide/plugins/com.st.stm32cube.ide.mcu.externaltools.gnu-tools-for-stm32.7-2018-q2-update.win32_1.0.0.201904181610/tools/bin/../lib/gcc/arm-none-eabi/7.3.1/../../../../arm-none-eabi/lib/thumb/v7-m\libc_nano.a(lib_a-memset.o)
 .debug_frame   0x0000000000001ce0       0x2c c:/st/stm32cubeide_1.1.0/stm32cubeide/plugins/com.st.stm32cube.ide.mcu.externaltools.gnu-tools-for-stm32.7-2018-q2-update.win32_1.0.0.201904181610/tools/bin/../lib/gcc/arm-none-eabi/7.3.1/../../../../arm-none-eabi/lib/thumb/v7-m\libc_nano.a(lib_a-nano-mallocr.o)
 .debug_frame   0x0000000000001d0c       0x2c c:/st/stm32cubeide_1.1.0/stm32cubeide/plugins/com.st.stm32cube.ide.mcu.externaltools.gnu-tools-for-stm32.7-2018-q2-update.win32_1.0.0.201904181610/tools/bin/../lib/gcc/arm-none-eabi/7.3.1/../../../../arm-none-eabi/lib/thumb/v7-m\libc_nano.a(lib_a-sbrkr.o)
 .debug_frame   0x0000000000001d38       0xcc c:/st/stm32cubeide_1.1.0/stm32cubeide/plugins/com.st.stm32cube.ide.mcu.externaltools.gnu-tools-for-stm32.7-2018-q2-update.win32_1.0.0.201904181610/tools/bin/../lib/gcc/arm-none-eabi/7.3.1/../../../../arm-none-eabi/lib/thumb/v7-m\libc_nano.a(lib_a-signal.o)
 .debug_frame   0x0000000000001e04       0x3c c:/st/stm32cubeide_1.1.0/stm32cubeide/plugins/com.st.stm32cube.ide.mcu.externaltools.gnu-tools-for-stm32.7-2018-q2-update.win32_1.0.0.201904181610/tools/bin/../lib/gcc/arm-none-eabi/7.3.1/../../../../arm-none-eabi/lib/thumb/v7-m\libc_nano.a(lib_a-signalr.o)
 .debug_frame   0x0000000000001e40       0x30 c:/st/stm32cubeide_1.1.0/stm32cubeide/plugins/com.st.stm32cube.ide.mcu.externaltools.gnu-tools-for-stm32.7-2018-q2-update.win32_1.0.0.201904181610/tools/bin/../lib/gcc/arm-none-eabi/7.3.1/../../../../arm-none-eabi/lib/thumb/v7-m\libc_nano.a(lib_a-mlock.o)
 .debug_frame   0x0000000000001e70       0x5c c:/st/stm32cubeide_1.1.0/stm32cubeide/plugins/com.st.stm32cube.ide.mcu.externaltools.gnu-tools-for-stm32.7-2018-q2-update.win32_1.0.0.201904181610/tools/bin/../lib/gcc/arm-none-eabi/7.3.1/../../../../arm-none-eabi/lib/thumb/v7-m\libc_nano.a(lib_a-reent.o)
