uart_fixed_len_recv.h:23:2:UartFixedLen::UartFixedLen(UART_HandleTypeDef*)	16	static
uart_fixed_len_recv.h:30:14:void UartFixedLen::IrqHandler()	16	static
uart_flex_len_recv.h:17:2:UartFlexLen::UartFlexLen(UART_HandleTypeDef*)	16	static
app.cpp:21:6:void HAL_UART_RxCpltCallback(UART_HandleTypeDef*)	16	static
app.cpp:28:6:void HAL_TIM_IC_CaptureCallback(TIM_HandleTypeDef*)	16	static
app.cpp:33:6:void HAL_CAN_RxFifo0MsgPendingCallback(CAN_HandleTypeDef*)	16	static
app.cpp:37:6:void AppInit()	16	static
app.cpp:45:6:void AppLoop()	8	static
